dwc_otg.c:1578:13:init_fslspclksel	0	static
dwc_otg.c:18:6:dwc_write_reg32	0	static
dwc_otg.c:23:10:dwc_read_reg32	0	static
dwc_otg.c:28:6:dwc_modify_reg32	0	static
dwc_otg.c:44:9:dwc_otg_is_host_mode	0	static
dwc_otg.c:83:10:dwc_otg_read_hprt0	0	static
dwc_otg.c:100:5:dwc_otg_set_param_otg_cap	8	static
dwc_otg.c:159:9:dwc_otg_get_param_otg_cap	0	static
dwc_otg.c:164:5:dwc_otg_set_param_opt	8	static
dwc_otg.c:174:9:dwc_otg_get_param_opt	0	static
dwc_otg.c:204:9:dwc_otg_get_param_dma_enable	0	static
dwc_otg.c:209:5:dwc_otg_set_param_dma_desc_enable	8	static
dwc_otg.c:179:5:dwc_otg_set_param_dma_enable	16	static
dwc_otg.c:234:9:dwc_otg_get_param_dma_desc_enable	0	static
dwc_otg.c:239:5:dwc_otg_set_param_host_support_fs_ls_low_power	8	static
dwc_otg.c:251:9:dwc_otg_get_param_host_support_fs_ls_low_power	0	static
dwc_otg.c:257:5:dwc_otg_set_param_enable_dynamic_fifo	16	static
dwc_otg.c:281:9:dwc_otg_get_param_enable_dynamic_fifo	0	static
dwc_otg.c:286:5:dwc_otg_set_param_data_fifo_size	8	static
dwc_otg.c:310:9:dwc_otg_get_param_data_fifo_size	0	static
dwc_otg.c:315:5:dwc_otg_set_param_dev_rx_fifo_size	8	static
dwc_otg.c:336:9:dwc_otg_get_param_dev_rx_fifo_size	0	static
dwc_otg.c:341:5:dwc_otg_set_param_dev_nperio_tx_fifo_size	8	static
dwc_otg.c:369:9:dwc_otg_get_param_dev_nperio_tx_fifo_size	0	static
dwc_otg.c:374:5:dwc_otg_set_param_host_rx_fifo_size	8	static
dwc_otg.c:401:9:dwc_otg_get_param_host_rx_fifo_size	0	static
dwc_otg.c:406:5:dwc_otg_set_param_host_nperio_tx_fifo_size	8	static
dwc_otg.c:434:9:dwc_otg_get_param_host_nperio_tx_fifo_size	0	static
dwc_otg.c:439:5:dwc_otg_set_param_host_perio_tx_fifo_size	8	static
dwc_otg.c:467:9:dwc_otg_get_param_host_perio_tx_fifo_size	0	static
dwc_otg.c:472:5:dwc_otg_set_param_max_transfer_size	8	static
dwc_otg.c:500:9:dwc_otg_get_param_max_transfer_size	0	static
dwc_otg.c:505:5:dwc_otg_set_param_max_packet_count	8	static
dwc_otg.c:531:9:dwc_otg_get_param_max_packet_count	0	static
dwc_otg.c:536:5:dwc_otg_set_param_host_channels	8	static
dwc_otg.c:561:9:dwc_otg_get_param_host_channels	0	static
dwc_otg.c:566:5:dwc_otg_set_param_dev_endpoints	8	static
dwc_otg.c:591:9:dwc_otg_get_param_dev_endpoints	0	static
dwc_otg.c:596:5:dwc_otg_set_param_phy_type	16	static
dwc_otg.c:640:9:dwc_otg_get_param_phy_type	0	static
dwc_otg.c:645:5:dwc_otg_set_param_speed	8	static
dwc_otg.c:669:9:dwc_otg_get_param_speed	0	static
dwc_otg.c:674:5:dwc_otg_set_param_host_ls_low_power_phy_clk	8	static
dwc_otg.c:704:9:dwc_otg_get_param_host_ls_low_power_phy_clk	0	static
dwc_otg.c:709:5:dwc_otg_set_param_phy_ulpi_ddr	8	static
dwc_otg.c:721:9:dwc_otg_get_param_phy_ulpi_ddr	0	static
dwc_otg.c:726:5:dwc_otg_set_param_phy_ulpi_ext_vbus	8	static
dwc_otg.c:739:9:dwc_otg_get_param_phy_ulpi_ext_vbus	0	static
dwc_otg.c:744:5:dwc_otg_set_param_phy_utmi_width	8	static
dwc_otg.c:756:9:dwc_otg_get_param_phy_utmi_width	0	static
dwc_otg.c:761:5:dwc_otg_set_param_ulpi_fs_ls	8	static
dwc_otg.c:773:9:dwc_otg_get_param_ulpi_fs_ls	0	static
dwc_otg.c:778:5:dwc_otg_set_param_ts_dline	8	static
dwc_otg.c:790:9:dwc_otg_get_param_ts_dline	0	static
dwc_otg.c:795:5:dwc_otg_set_param_i2c_enable	16	static
dwc_otg.c:818:9:dwc_otg_get_param_i2c_enable	0	static
dwc_otg.c:823:5:dwc_otg_set_param_dev_perio_tx_fifo_size	16	static
dwc_otg.c:847:9:dwc_otg_get_param_dev_perio_tx_fifo_size	0	static
dwc_otg.c:853:5:dwc_otg_set_param_en_multiple_tx_fifo	16	static
dwc_otg.c:876:9:dwc_otg_get_param_en_multiple_tx_fifo	0	static
dwc_otg.c:881:5:dwc_otg_set_param_dev_tx_fifo_size	16	static
dwc_otg.c:905:9:dwc_otg_get_param_dev_tx_fifo_size	0	static
dwc_otg.c:911:5:dwc_otg_set_param_thr_ctl	8	static
dwc_otg.c:936:9:dwc_otg_get_param_thr_ctl	0	static
dwc_otg.c:941:5:dwc_otg_set_param_lpm_enable	16	static
dwc_otg.c:964:9:dwc_otg_get_param_lpm_enable	0	static
dwc_otg.c:969:5:dwc_otg_set_param_tx_thr_length	8	static
dwc_otg.c:981:9:dwc_otg_get_param_tx_thr_length	0	static
dwc_otg.c:986:5:dwc_otg_set_param_rx_thr_length	8	static
dwc_otg.c:998:9:dwc_otg_get_param_rx_thr_length	0	static
dwc_otg.c:1003:5:dwc_otg_set_param_dma_burst_size	8	static
dwc_otg.c:1020:9:dwc_otg_get_param_dma_burst_size	0	static
dwc_otg.c:1025:5:dwc_otg_set_param_pti_enable	8	static
dwc_otg.c:1044:9:dwc_otg_get_param_pti_enable	0	static
dwc_otg.c:1049:5:dwc_otg_set_param_mpi_enable	16	static
dwc_otg.c:1068:9:dwc_otg_get_param_mpi_enable	0	static
dwc_otg.c:1073:5:dwc_otg_set_param_ic_usb_cap	16	static
dwc_otg.c:1094:9:dwc_otg_get_param_ic_usb_cap	0	static
dwc_otg.c:1099:5:dwc_otg_set_param_ahb_thr_ratio	16	static
dwc_otg.c:1126:9:dwc_otg_get_param_ahb_thr_ratio	0	static
dwc_otg.c:1132:10:dwc_otg_get_hnpstatus	0	static
dwc_otg.c:1139:10:dwc_otg_get_srpstatus	0	static
dwc_otg.c:1146:6:dwc_otg_set_hnpreq	0	static
dwc_otg.c:1154:10:dwc_otg_get_gsnpsid	0	static
dwc_otg.c:1159:10:dwc_otg_get_mode	0	static
dwc_otg.c:1166:10:dwc_otg_get_hnpcapable	0	static
dwc_otg.c:1173:6:dwc_otg_set_hnpcapable	0	static
dwc_otg.c:1181:10:dwc_otg_get_srpcapable	0	static
dwc_otg.c:1188:6:dwc_otg_set_srpcapable	0	static
dwc_otg.c:1196:10:dwc_otg_get_busconnected	0	static
dwc_otg.c:1203:10:dwc_otg_get_prtpower	0	static
dwc_otg.c:1211:6:dwc_otg_set_prtpower	0	static
dwc_otg.c:1219:10:dwc_otg_get_prtsuspend	0	static
dwc_otg.c:1227:6:dwc_otg_set_prtsuspend	0	static
dwc_otg.c:1235:6:dwc_otg_set_prtresume	0	static
dwc_otg.c:1243:10:dwc_otg_get_lpm_portsleepstatus	0	static
dwc_otg.c:1251:10:dwc_otg_get_lpm_remotewakeenabled	0	static
dwc_otg.c:1258:10:dwc_otg_get_lpmresponse	0	static
dwc_otg.c:1265:6:dwc_otg_set_lpmresponse	0	static
dwc_otg.c:1273:10:dwc_otg_get_hsic_connect	0	static
dwc_otg.c:1280:6:dwc_otg_set_hsic_connect	0	static
dwc_otg.c:1288:10:dwc_otg_get_inv_sel_hsic	0	static
dwc_otg.c:1296:6:dwc_otg_set_inv_sel_hsic	0	static
dwc_otg.c:1304:10:dwc_otg_get_gotgctl	0	static
dwc_otg.c:1309:6:dwc_otg_set_gotgctl	0	static
dwc_otg.c:1314:10:dwc_otg_get_gusbcfg	0	static
dwc_otg.c:1319:6:dwc_otg_set_gusbcfg	0	static
dwc_otg.c:1324:10:dwc_otg_get_grxfsiz	0	static
dwc_otg.c:1329:6:dwc_otg_set_grxfsiz	0	static
dwc_otg.c:1334:10:dwc_otg_get_gnptxfsiz	0	static
dwc_otg.c:1339:6:dwc_otg_set_gnptxfsiz	0	static
dwc_otg.c:1344:10:dwc_otg_get_gpvndctl	0	static
dwc_otg.c:1349:6:dwc_otg_set_gpvndctl	0	static
dwc_otg.c:1354:10:dwc_otg_get_ggpio	0	static
dwc_otg.c:1359:6:dwc_otg_set_ggpio	0	static
dwc_otg.c:1364:10:dwc_otg_get_hprt0	0	static
dwc_otg.c:1370:6:dwc_otg_set_hprt0	0	static
dwc_otg.c:1375:10:dwc_otg_get_guid	0	static
dwc_otg.c:1380:6:dwc_otg_set_guid	0	static
dwc_otg.c:1385:10:dwc_otg_get_hptxfsiz	0	static
dwc_otg.c:1472:6:dwc_otg_cil_init	24	static
dwc_otg.c:1606:6:dwc_otg_flush_tx_fifo	24	static
dwc_otg.c:1638:6:dwc_otg_flush_rx_fifo	24	static
dwc_otg.c:1676:6:dwc_otg_core_host_init	40	static
dwc_otg.c:1825:6:dwc_otg_core_reset	24	static
dwc_otg.c:1872:6:dwc_otg_core_init	24	static
dwc_otg.c:2138:6:dwc_otg_hc_init	0	static
